GAMS Rev 230  DII-DII 23.0.2 Mac Intel32/Darwin                                                    03/11/09 21:56:37 Page 1
FBA implementation (Proof of Principle)
C o m p i l a t i o n


   2   
   3  *
   4  *
   5  *
   6   
   7  Sets
   8      i /
   9      M13dpgc
  10  M2pgc
  11  M3pgc
  12  M6pgcc
  13  M6pglc
  14  Macb
  15  Macc
  16  Maccoac
  17  Mace
  18  Mactpc
  19  Madpc
  20  Makgb
  21  Makgc
  22  Makge
  23  Mampc
  24  Matpc
  25  Mcitc
  26  Mco2b
  27  Mco2c
  28  Mco2e
  29  Mcoac
  30  Mdhapc
  31  Me4pc
  32  Metohb
  33  Metohc
  34  Metohe
  35  Mf6pc
  36  Mfadc
  37  Mfadh2c
  38  Mfdpc
  39  Mforb
  40  Mforc
  41  Mfore
  42  Mfumb
  43  Mfumc
  44  Mfume
  45  Mg3pc
  46  Mg6pc
  47  MglcDb
  48  MglcDe
  49  Mglxc
  50  Mh2ob
  51  Mh2oc
  52  Mh2oe
  53  Mhb
  54  Mhc
  55  Mhe
  56  Micitc
  57  MlacDb
  58  MlacDc
  59  MlacDe
  60  MmalLc
  61  Mnadc
  62  Mnadhc
  63  Mnadpc
  64  Mnadphc
  65  Mo2b
  66  Mo2c
  67  Mo2e
  68  Moaac
  69  Mpepc
  70  Mpib
  71  Mpic
  72  Mpie
  73  Mpyrb
  74  Mpyrc
GAMS Rev 230  DII-DII 23.0.2 Mac Intel32/Darwin                                                    03/11/09 21:56:37 Page 2
FBA implementation (Proof of Principle)
C o m p i l a t i o n


  75  Mpyre
  76  Mq8c
  77  Mq8h2c
  78  Mr5pc
  79  Mru5pDc
  80  Ms7pc
  81  Msuccb
  82  Msuccc
  83  Msucce
  84  Msuccoac
  85  Mxu5pDc
  86  /
  87   
  88      j /
  89      R-PGM
  90  R-ENO
  91  R-EX-ac-e-
  92  R-EX-akg-e-
  93  R-PGK
  94  R-ACKr
  95  R-ADK1
  96  R-ACONT
  97  R-EX-co2-e-
  98  R-CO2t
  99  R-TPI
 100  R-EX-etoh-e-
 101  R-FBA
 102  R-EX-for-e-
 103  R-FORt
 104  R-EX-fum-e-
 105  R-PGI
 106  R-EX-glc-e-
 107  R-FUM
 108  R-EX-h2o-e-
 109  R-H2Ot
 110  R-EX-h-e-
 111  R-ACt2r
 112  R-AKGt2r
 113  R-ETOHt2r
 114  R-EX-lac-D-e-
 115  R-D-LACt2
 116  R-LDH-D
 117  R-MDH
 118  R-ADHEr
 119  R-G6PDH2r
 120  R-ICDHyr
 121  R-EX-o2-e-
 122  R-O2t
 123  R-PIt
 124  R-PTAr
 125  R-ATPS4r
 126  R-GAPD
 127  R-EX-pi-e-
 128  R-EX-pyr-e-
 129  R-PYRt2r
 130  R-SUCD4
 131  R-RPI
 132  R-RPE
 133  R-TALA
 134  R-SUCOAS
 135  R-EX-succ-e-
 136  R-TKT2
 137  R-TKT1
 138  R-PFK
 139  R-FRD
 140  R-PGL
 141  R-ATPM
 142  R-FBP
 143  R-MALS
 144  R-FUMt2-2
 145  R-ICL
 146  R-AKGDH
 147  R-ME1
GAMS Rev 230  DII-DII 23.0.2 Mac Intel32/Darwin                                                    03/11/09 21:56:37 Page 3
FBA implementation (Proof of Principle)
C o m p i l a t i o n


 148  R-GND
 149  R-ME2
 150  R-THD2
 151  R-NADTRHD
 152  R-PPCK
 153  R-CS
 154  R-GLCpts
 155  R-PPC
 156  R-PYK
 157  R-PFL
 158  R-PPS
 159  R-PDH
 160  R-NADH11
 161  R-CYTBD
 162  R-Biomass-Ecoli-core-N--w-GAM-
 163  R-SUCD1i
 164  R-SUCCt2b
 165  R-SUCCt2-2
 166      /
 167  ;
 168   
 169  Parameters
 170      S(i,j) stoichiometric matrix /
 171      R-PGM . R-PGK = 1.
****          $170
 172  R-PGM . R-GAPD  1.
****      $170
 173  R-ENO . R-PGM   -1.
****      $170
 174  R-ENO . R-ENO   -1.
****      $170
 175  R-EX-ac-e- . R-PGM      1.
****           $170
 176  R-EX-ac-e- . R-PGK      -1.
****           $170
 177  R-EX-ac-e- . R-Biomass-Ecoli-core-N--w-GAM-     -1.496
****           $170
 178  R-EX-akg-e- . R-PGL     1.
****            $170
 179  R-EX-akg-e- . R-GND     -1.
****            $170
 180  R-PGK . R-G6PDH2r       1.
****      $170
 181  R-PGK . R-PGL   -1.
****      $170
 182  R-ACKr . R-ACKr -1.
****       $170
 183  R-ACKr . R-ACt2r        1.
****       $170
 184  R-ADK1 . R-ADHEr        -1.
****       $170
 185  R-ADK1 . R-PTAr -1.
****       $170
 186  R-ADK1 . R-MALS -1.
****       $170
 187  R-ADK1 . R-CS   -1.
****       $170
 188  R-ADK1 . R-PFL  1.
****       $170
 189  R-ADK1 . R-PDH  1.
****       $170
 190  R-ADK1 . R-Biomass-Ecoli-core-N--w-GAM- -3.7478
****       $170
 191  R-ACONT . R-EX-ac-e-    -1.
****        $170
 192  R-ACONT . R-ACt2r       -1.
****        $170
 193  R-EX-co2-e- . R-ACKr    1.
****            $170
 194  R-EX-co2-e- . R-PTAr    1.
****            $170
 195  R-CO2t . R-PGK  1.
****       $170
GAMS Rev 230  DII-DII 23.0.2 Mac Intel32/Darwin                                                    03/11/09 21:56:37 Page 4
FBA implementation (Proof of Principle)
C o m p i l a t i o n


 196  R-CO2t . R-ACKr 1.
****       $170
 197  R-CO2t . R-ADK1 2.
****       $170
 198  R-CO2t . R-ATPS4r       -1.
****       $170
 199  R-CO2t . R-SUCOAS       1.
****       $170
 200  R-CO2t . R-PFK  1.
****       $170
 201  R-CO2t . R-ATPM 1.
****       $170
 202  R-CO2t . R-PPCK 1.
****       $170
 203  R-CO2t . R-PYK  -1.
****       $170
 204  R-CO2t . R-Biomass-Ecoli-core-N--w-GAM- 55.703
****       $170
 205  R-TPI . R-AKGt2r        1.
****      $170
 206  R-TPI . R-ICDHyr        1.
****      $170
 207  R-TPI . R-AKGDH -1.
****      $170
 208  R-TPI . R-Biomass-Ecoli-core-N--w-GAM-  -1.0789
****      $170
 209  R-EX-etoh-e- . R-EX-akg-e-      -1.
****             $170
 210  R-EX-etoh-e- . R-AKGt2r -1.
****             $170
 211  R-FBA . R-ADK1  -1.
****      $170
 212  R-FBA . R-PPS   1.
****      $170
 213  R-EX-for-e- . R-PGK     -1.
****            $170
 214  R-EX-for-e- . R-ACKr    -1.
****            $170
 215  R-EX-for-e- . R-ADK1    -1.
****            $170
 216  R-EX-for-e- . R-ATPS4r  1.
****            $170
 217  R-EX-for-e- . R-SUCOAS  -1.
****            $170
 218  R-EX-for-e- . R-PFK     -1.
****            $170
 219  R-EX-for-e- . R-ATPM    -1.
****            $170
 220  R-EX-for-e- . R-PPCK    -1.
****            $170
 221  R-EX-for-e- . R-PYK     1.
****            $170
 222  R-EX-for-e- . R-PPS     -1.
****            $170
 223  R-EX-for-e- . R-Biomass-Ecoli-core-N--w-GAM-    -55.703
****            $170
 224  R-FORt . R-ACONT        -1.
****       $170
 225  R-FORt . R-CS   1.
****       $170
 226  R-EX-fum-e- . R-CO2t    1.
****            $170
 227  R-EX-fum-e- . R-ICDHyr  1.
****            $170
 228  R-EX-fum-e- . R-AKGDH   1.
****            $170
 229  R-EX-fum-e- . R-ME1     1.
****            $170
 230  R-EX-fum-e- . R-GND     1.
****            $170
 231  R-EX-fum-e- . R-ME2     1.
****            $170
GAMS Rev 230  DII-DII 23.0.2 Mac Intel32/Darwin                                                    03/11/09 21:56:37 Page 5
FBA implementation (Proof of Principle)
C o m p i l a t i o n


 232  R-EX-fum-e- . R-PPCK    1.
****            $170
 233  R-EX-fum-e- . R-PPC     -1.
****            $170
 234  R-EX-fum-e- . R-PDH     1.
****            $170
 235  R-PGI . R-EX-co2-e-     -1.
****      $170
 236  R-PGI . R-CO2t  -1.
****      $170
 237  R-EX-glc-e- . R-ADHEr   1.
****            $170
 238  R-EX-glc-e- . R-PTAr    1.
****            $170
 239  R-EX-glc-e- . R-SUCOAS  -1.
****            $170
 240  R-EX-glc-e- . R-MALS    1.
****            $170
 241  R-EX-glc-e- . R-AKGDH   -1.
****            $170
 242  R-EX-glc-e- . R-CS      1.
****            $170
 243  R-EX-glc-e- . R-PFL     -1.
****            $170
 244  R-EX-glc-e- . R-PDH     -1.
****            $170
 245  R-EX-glc-e- . R-Biomass-Ecoli-core-N--w-GAM-    3.7478
****            $170
 246  R-FUM . R-TPI   -1.
****      $170
 247  R-FUM . R-FBA   1.
****      $170
 248  R-EX-h2o-e- . R-TALA    1.
****            $170
 249  R-EX-h2o-e- . R-TKT2    -1.
****            $170
 250  R-EX-h2o-e- . R-Biomass-Ecoli-core-N--w-GAM-    -0.361
****            $170
 251  R-H2Ot . R-ETOHt2r      1.
****       $170
 252  R-H2Ot . R-ADHEr        1.
****       $170
 253  R-EX-h-e- . R-EX-etoh-e-        -1.
****          $170
 254  R-EX-h-e- . R-ETOHt2r   -1.
****          $170
 255  R-ACt2r . R-PGI 1.
****        $170
 256  R-ACt2r . R-TALA        1.
****        $170
 257  R-ACt2r . R-TKT2        1.
****        $170
 258  R-ACt2r . R-PFK -1.
****        $170
 259  R-ACt2r . R-FBP 1.
****        $170
 260  R-ACt2r . R-Biomass-Ecoli-core-N--w-GAM-        -0.0709
****        $170
 261  R-AKGt2r . R-SUCD4      1.
****         $170
 262  R-AKGt2r . R-FRD        1.
****         $170
 263  R-AKGt2r . R-SUCD1i     -1.
****         $170
 264  R-ETOHt2r . R-SUCD4     -1.
****          $170
 265  R-ETOHt2r . R-FRD       -1.
****          $170
 266  R-ETOHt2r . R-SUCD1i    1.
****          $170
 267  R-EX-lac-D-e- . R-FBA   -1.
****              $170
GAMS Rev 230  DII-DII 23.0.2 Mac Intel32/Darwin                                                    03/11/09 21:56:37 Page 6
FBA implementation (Proof of Principle)
C o m p i l a t i o n


 268  R-EX-lac-D-e- . R-PFK   1.
****              $170
 269  R-EX-lac-D-e- . R-FBP   -1.
****              $170
 270  R-D-LACt2 . R-FORt      1.
****          $170
 271  R-D-LACt2 . R-PFL       1.
****          $170
 272  R-LDH-D . R-EX-for-e-   -1.
****        $170
 273  R-LDH-D . R-FORt        -1.
****        $170
 274  R-MDH . R-FUM   -1.
****      $170
 275  R-MDH . R-FRD   -1.
****      $170
 276  R-MDH . R-FUMt2-2       1.
****      $170
 277  R-MDH . R-SUCD1i        1.
****      $170
 278  R-ADHEr . R-EX-fum-e-   -1.
****        $170
 279  R-ADHEr . R-FUMt2-2     -1.
****        $170
 280  R-G6PDH2r . R-TPI       1.
****          $170
 281  R-G6PDH2r . R-FBA       1.
****          $170
 282  R-G6PDH2r . R-GAPD      -1.
****          $170
 283  R-G6PDH2r . R-TALA      -1.
****          $170
 284  R-G6PDH2r . R-TKT2      1.
****          $170
 285  R-G6PDH2r . R-TKT1      1.
****          $170
 286  R-G6PDH2r . R-Biomass-Ecoli-core-N--w-GAM-      -0.129
****          $170
 287  R-ICDHyr . R-PGI        -1.
****         $170
 288  R-ICDHyr . R-G6PDH2r    -1.
****         $170
 289  R-ICDHyr . R-GLCpts     1.
****         $170
 290  R-ICDHyr . R-Biomass-Ecoli-core-N--w-GAM-       -0.205
****         $170
 291  R-EX-o2-e- . R-EX-glc-e-        -1.
****           $170
 292  R-EX-o2-e- . R-GLCpts   -1.
****           $170
 293  R-O2t . R-MALS  -1.
****      $170
 294  R-O2t . R-ICL   1.
****      $170
 295  R-PIt . R-ENO   1.
****      $170
 296  R-PIt . R-FUM   -1.
****      $170
 297  R-PIt . R-H2Ot  1.
****      $170
 298  R-PIt . R-ATPS4r        1.
****      $170
 299  R-PIt . R-PGL   -1.
****      $170
 300  R-PIt . R-ATPM  -1.
****      $170
 301  R-PIt . R-FBP   -1.
****      $170
 302  R-PIt . R-MALS  -1.
****      $170
 303  R-PIt . R-CS    -1.
****      $170
GAMS Rev 230  DII-DII 23.0.2 Mac Intel32/Darwin                                                    03/11/09 21:56:37 Page 7
FBA implementation (Proof of Principle)
C o m p i l a t i o n


 304  R-PIt . R-PPC   -1.
****      $170
 305  R-PIt . R-PPS   -1.
****      $170
 306  R-PIt . R-CYTBD 1.
****      $170
 307  R-PIt . R-Biomass-Ecoli-core-N--w-GAM-  -55.703
****      $170
 308  R-PTAr . R-EX-h2o-e-    -1.
****       $170
 309  R-PTAr . R-H2Ot -1.
****       $170
 310  R-ATPS4r . R-ACt2r      1.
****         $170
 311  R-ATPS4r . R-AKGt2r     1.
****         $170
 312  R-ATPS4r . R-ETOHt2r    1.
****         $170
 313  R-ATPS4r . R-D-LACt2    1.
****         $170
 314  R-ATPS4r . R-LDH-D      1.
****         $170
 315  R-ATPS4r . R-MDH        1.
****         $170
 316  R-ATPS4r . R-ADHEr      -2.
****         $170
 317  R-ATPS4r . R-G6PDH2r    1.
****         $170
 318  R-ATPS4r . R-ATPS4r     3.
****         $170
 319  R-ATPS4r . R-GAPD       1.
****         $170
 320  R-ATPS4r . R-PYRt2r     1.
****         $170
 321  R-ATPS4r . R-PFK        1.
****         $170
 322  R-ATPS4r . R-PGL        1.
****         $170
 323  R-ATPS4r . R-ATPM       1.
****         $170
 324  R-ATPS4r . R-MALS       1.
****         $170
 325  R-ATPS4r . R-FUMt2-2    2.
****         $170
 326  R-ATPS4r . R-THD2       2.
****         $170
 327  R-ATPS4r . R-CS 1.
****         $170
 328  R-ATPS4r . R-PPC        1.
****         $170
 329  R-ATPS4r . R-PYK        -1.
****         $170
 330  R-ATPS4r . R-PPS        2.
****         $170
 331  R-ATPS4r . R-NADH11     -3.
****         $170
 332  R-ATPS4r . R-CYTBD      -2.
****         $170
 333  R-ATPS4r . R-Biomass-Ecoli-core-N--w-GAM-       41.025
****         $170
 334  R-ATPS4r . R-SUCCt2b    -1.
****         $170
 335  R-ATPS4r . R-SUCCt2-2   2.
****         $170
 336  R-GAPD . R-EX-h-e-      -1.
****       $170
 337  R-GAPD . R-ACt2r        -1.
****       $170
 338  R-GAPD . R-AKGt2r       -1.
****       $170
 339  R-GAPD . R-ETOHt2r      -1.
****       $170
GAMS Rev 230  DII-DII 23.0.2 Mac Intel32/Darwin                                                    03/11/09 21:56:37 Page 8
FBA implementation (Proof of Principle)
C o m p i l a t i o n


 340  R-GAPD . R-D-LACt2      -1.
****       $170
 341  R-GAPD . R-ATPS4r       -4.
****       $170
 342  R-GAPD . R-PYRt2r       -1.
****       $170
 343  R-GAPD . R-FUMt2-2      -2.
****       $170
 344  R-GAPD . R-THD2 -2.
****       $170
 345  R-GAPD . R-NADH11       2.
****       $170
 346  R-GAPD . R-CYTBD        2.
****       $170
 347  R-GAPD . R-SUCCt2b      1.
****       $170
 348  R-GAPD . R-SUCCt2-2     -2.
****       $170
 349  R-EX-pi-e- . R-ACONT    1.
****           $170
 350  R-EX-pi-e- . R-ICDHyr   -1.
****           $170
 351  R-EX-pi-e- . R-ICL      -1.
****           $170
 352  R-EX-pyr-e- . R-D-LACt2 1.
****            $170
 353  R-EX-pyr-e- . R-LDH-D   -1.
****            $170
 354  R-PYRt2r . R-EX-lac-D-e-        -1.
****         $170
 355  R-PYRt2r . R-D-LACt2    -1.
****         $170
 356  R-SUCD4 . R-FUM 1.
****        $170
 357  R-SUCD4 . R-MDH -1.
****        $170
 358  R-SUCD4 . R-MALS        1.
****        $170
 359  R-SUCD4 . R-ME1 -1.
****        $170
 360  R-SUCD4 . R-ME2 -1.
****        $170
 361  R-RPI . R-LDH-D -1.
****      $170
 362  R-RPI . R-MDH   -1.
****      $170
 363  R-RPI . R-ADHEr 2.
****      $170
 364  R-RPI . R-GAPD  -1.
****      $170
 365  R-RPI . R-AKGDH -1.
****      $170
 366  R-RPI . R-ME1   -1.
****      $170
 367  R-RPI . R-THD2  1.
****      $170
 368  R-RPI . R-NADTRHD       -1.
****      $170
 369  R-RPI . R-PDH   -1.
****      $170
 370  R-RPI . R-NADH11        1.
****      $170
 371  R-RPI . R-Biomass-Ecoli-core-N--w-GAM-  -3.547
****      $170
 372  R-RPE . R-LDH-D 1.
****      $170
 373  R-RPE . R-MDH   1.
****      $170
 374  R-RPE . R-ADHEr -2.
****      $170
 375  R-RPE . R-GAPD  1.
****      $170
GAMS Rev 230  DII-DII 23.0.2 Mac Intel32/Darwin                                                    03/11/09 21:56:37 Page 9
FBA implementation (Proof of Principle)
C o m p i l a t i o n


 376  R-RPE . R-AKGDH 1.
****      $170
 377  R-RPE . R-ME1   1.
****      $170
 378  R-RPE . R-THD2  -1.
****      $170
 379  R-RPE . R-NADTRHD       1.
****      $170
 380  R-RPE . R-PDH   1.
****      $170
 381  R-RPE . R-NADH11        -1.
****      $170
 382  R-RPE . R-Biomass-Ecoli-core-N--w-GAM-  3.547
****      $170
 383  R-TALA . R-G6PDH2r      -1.
****       $170
 384  R-TALA . R-ICDHyr       -1.
****       $170
 385  R-TALA . R-GND  -1.
****       $170
 386  R-TALA . R-ME2  -1.
****       $170
 387  R-TALA . R-THD2 -1.
****       $170
 388  R-TALA . R-NADTRHD      1.
****       $170
 389  R-TALA . R-Biomass-Ecoli-core-N--w-GAM- 18.225
****       $170
 390  R-SUCOAS . R-G6PDH2r    1.
****         $170
 391  R-SUCOAS . R-ICDHyr     1.
****         $170
 392  R-SUCOAS . R-GND        1.
****         $170
 393  R-SUCOAS . R-ME2        1.
****         $170
 394  R-SUCOAS . R-THD2       1.
****         $170
 395  R-SUCOAS . R-NADTRHD    -1.
****         $170
 396  R-SUCOAS . R-Biomass-Ecoli-core-N--w-GAM-       -18.225
****         $170
 397  R-EX-succ-e- . R-O2t    1.
****             $170
 398  R-EX-succ-e- . R-CYTBD  -0.5
****             $170
 399  R-TKT2 . R-EX-o2-e-     -1.
****       $170
 400  R-TKT2 . R-O2t  -1.
****       $170
 401  R-TKT1 . R-MDH  1.
****       $170
 402  R-TKT1 . R-PPCK -1.
****       $170
 403  R-TKT1 . R-CS   -1.
****       $170
 404  R-TKT1 . R-PPC  1.
****       $170
 405  R-TKT1 . R-Biomass-Ecoli-core-N--w-GAM- -1.7867
****       $170
 406  R-PFK . R-ENO   1.
****      $170
 407  R-PFK . R-PPCK  1.
****      $170
 408  R-PFK . R-GLCpts        -1.
****      $170
 409  R-PFK . R-PPC   -1.
****      $170
 410  R-PFK . R-PYK   -1.
****      $170
 411  R-PFK . R-PPS   1.
****      $170
GAMS Rev 230  DII-DII 23.0.2 Mac Intel32/Darwin                                                   03/11/09 21:56:37 Page 10
FBA implementation (Proof of Principle)
C o m p i l a t i o n


 412  R-PFK . R-Biomass-Ecoli-core-N--w-GAM-  -0.5191
****      $170
 413  R-FRD . R-PIt   -1.
****      $170
 414  R-FRD . R-PTAr  -1.
****      $170
 415  R-FRD . R-ATPS4r        -1.
****      $170
 416  R-FRD . R-GAPD  -1.
****      $170
 417  R-FRD . R-SUCOAS        1.
****      $170
 418  R-FRD . R-ATPM  1.
****      $170
 419  R-FRD . R-FBP   1.
****      $170
 420  R-FRD . R-PPC   1.
****      $170
 421  R-FRD . R-PPS   1.
****      $170
 422  R-FRD . R-Biomass-Ecoli-core-N--w-GAM-  55.703
****      $170
 423  R-PGL . R-PIt   1.
****      $170
 424  R-PGL . R-EX-pi-e-      -1.
****      $170
 425  R-ATPM . R-LDH-D        1.
****       $170
 426  R-ATPM . R-PYRt2r       1.
****       $170
 427  R-ATPM . R-ME1  1.
****       $170
 428  R-ATPM . R-ME2  1.
****       $170
 429  R-ATPM . R-GLCpts       1.
****       $170
 430  R-ATPM . R-PYK  1.
****       $170
 431  R-ATPM . R-PFL  -1.
****       $170
 432  R-ATPM . R-PPS  -1.
****       $170
 433  R-ATPM . R-PDH  -1.
****       $170
 434  R-ATPM . R-Biomass-Ecoli-core-N--w-GAM- -2.8328
****       $170
 435  R-FBP . R-EX-pyr-e-     -1.
****      $170
 436  R-FBP . R-PYRt2r        -1.
****      $170
 437  R-MALS . R-SUCD4        -1.
****       $170
 438  R-MALS . R-NADH11       -1.
****       $170
 439  R-MALS . R-CYTBD        1.
****       $170
 440  R-FUMt2-2 . R-SUCD4     1.
****          $170
 441  R-FUMt2-2 . R-NADH11    1.
****          $170
 442  R-FUMt2-2 . R-CYTBD     -1.
****          $170
 443  R-ICL . R-RPI   -1.
****      $170
 444  R-ICL . R-TKT1  -1.
****      $170
 445  R-ICL . R-Biomass-Ecoli-core-N--w-GAM-  -0.8977
****      $170
 446  R-AKGDH . R-RPI 1.
****        $170
 447  R-AKGDH . R-RPE -1.
****        $170
GAMS Rev 230  DII-DII 23.0.2 Mac Intel32/Darwin                                                   03/11/09 21:56:37 Page 11
FBA implementation (Proof of Principle)
C o m p i l a t i o n


 448  R-AKGDH . R-GND 1.
****        $170
 449  R-ME1 . R-TALA  -1.
****      $170
 450  R-ME1 . R-TKT1  1.
****      $170
 451  R-GND . R-SUCOAS        -1.
****      $170
 452  R-GND . R-FRD   1.
****      $170
 453  R-GND . R-ICL   1.
****      $170
 454  R-GND . R-SUCD1i        -1.
****      $170
 455  R-GND . R-SUCCt2b       -1.
****      $170
 456  R-GND . R-SUCCt2-2      1.
****      $170
 457  R-ME2 . R-EX-succ-e-    -1.
****      $170
 458  R-ME2 . R-SUCCt2b       1.
****      $170
 459  R-ME2 . R-SUCCt2-2      -1.
****      $170
 460  R-THD2 . R-SUCOAS       1.
****       $170
 461  R-THD2 . R-AKGDH        1.
****       $170
 462  R-NADTRHD . R-RPE       1.
****          $170
 463  R-NADTRHD . R-TKT2      -1.
****          $170
 464  R-NADTRHD . R-TKT1      -1.
****          $170
 465  /
 466  ;
 467   
 468  Variables
 469      Z objective function value
 470      v(j) flux vector
 471  ;
 472   
 473  positive variable v;
 474   
 475  Equations
 476      obj objective function
 477      st-constr stoichiometric constraints
****        $96
 478   
 479  obj.. Z =e= v(R-Biomass-Ecoli-core-N--w-GAM-)
****     $96
 480  st-constr(i).. sum(j, S(i,j)*v(j)) =e= 0;
****    $96                 $195  $96
 481   
 482  Model fba /all/;
 483   
 484  Solve fba using lp maximizing Z;
****                                 $257
GAMS Rev 230  DII-DII 23.0.2 Mac Intel32/Darwin                                                   03/11/09 21:56:37 Page 12
FBA implementation (Proof of Principle)
Error Messages


 96  Blank needed between identifier and text
       (-or- illegal character in identifier)
       (-or- check for missing ';' on previous line)
170  Domain violation for element
195  Symbol redefined with a different type
257  Solve statement not checked because of previous errors

**** 300 ERROR(S)   0 WARNING(S)


COMPILATION TIME     =        0.004 SECONDS      3 Mb  DII230-230 Feb 12, 2009


USER: GAMS Development Corporation, Washington, DC   G871201/0000CA-ANY
      Free Demo,  202-342-0180,  sales@gams.com,  www.gams.com   DC0000


**** FILE SUMMARY

Input      /Users/niko/arbeit/GitRepo/neosproject/expandedFBAmodel.gms
Output     /Users/niko/arbeit/GitRepo/neosproject/expandedFBAmodel.lst

**** USER ERROR(S) ENCOUNTERED
