GAMS Rev 229  DII-DII 22.9.2 Mac Intel32/Darwin                                                    02/18/09 11:42:13 Page 1
FBA implementation (Proof of Principle)
C o m p i l a t i o n


   2   
   3  *
   4  *
   5  *
   6   
   7  Sets
   8      i metabolite/row index /
   9      M13dpgc
  10  M2pgc
  11  M3pgc
  12  M6pgcc
  13  M6pglc
  14  Macb
  15  Macc
  16  Maccoac
  17  Mace
  18  Mactpc
  19  Madpc
  20  Makgb
  21  Makgc
  22  Makge
  23  Mampc
  24  Matpc
  25  Mcitc
  26  Mco2b
  27  Mco2c
  28  Mco2e
  29  Mcoac
  30  Mdhapc
  31  Me4pc
  32  Metohb
  33  Metohc
  34  Metohe
  35  Mf6pc
  36  Mfadc
  37  Mfadh2c
  38  Mfdpc
  39  Mforb
  40  Mforc
  41  Mfore
  42  Mfumb
  43  Mfumc
  44  Mfume
  45  Mg3pc
  46  Mg6pc
  47  MglcDb
  48  MglcDe
  49  Mglxc
  50  Mh2ob
  51  Mh2oc
  52  Mh2oe
  53  Mhb
  54  Mhc
  55  Mhe
  56  Micitc
  57  MlacDb
  58  MlacDc
  59  MlacDe
  60  MmalLc
  61  Mnadc
  62  Mnadhc
  63  Mnadpc
  64  Mnadphc
  65  Mo2b
  66  Mo2c
  67  Mo2e
  68  Moaac
  69  Mpepc
  70  Mpib
  71  Mpic
  72  Mpie
  73  Mpyrb
  74  Mpyrc
GAMS Rev 229  DII-DII 22.9.2 Mac Intel32/Darwin                                                    02/18/09 11:42:13 Page 2
FBA implementation (Proof of Principle)
C o m p i l a t i o n


  75  Mpyre
  76  Mq8c
  77  Mq8h2c
  78  Mr5pc
  79  Mru5pDc
  80  Ms7pc
  81  Msuccb
  82  Msuccc
  83  Msucce
  84  Msuccoac
  85  Mxu5pDc
  86      /;
****       $338,182
  87      j reaction/column index /
****      $140     $36
  88      R_PGM
  89  R_ENO
  90  R_EX_ac_e_
  91  R_EX_akg_e_
  92  R_PGK
  93  R_ACKr
  94  R_ADK1
  95  R_ACONT
  96  R_EX_co2_e_
  97  R_CO2t
  98  R_TPI
  99  R_EX_etoh_e_
 100  R_FBA
 101  R_EX_for_e_
 102  R_FORt
 103  R_EX_fum_e_
 104  R_PGI
 105  R_EX_glc_e_
 106  R_FUM
 107  R_EX_h2o_e_
 108  R_H2Ot
 109  R_EX_h_e_
 110  R_ACt2r
 111  R_AKGt2r
 112  R_ETOHt2r
 113  R_EX_lac_D_e_
 114  R_D_LACt2
 115  R_LDH_D
 116  R_MDH
 117  R_ADHEr
 118  R_G6PDH2r
 119  R_ICDHyr
 120  R_EX_o2_e_
 121  R_O2t
 122  R_PIt
 123  R_PTAr
 124  R_ATPS4r
 125  R_GAPD
 126  R_EX_pi_e_
 127  R_EX_pyr_e_
 128  R_PYRt2r
 129  R_SUCD4
 130  R_RPI
 131  R_RPE
 132  R_TALA
 133  R_SUCOAS
 134  R_EX_succ_e_
 135  R_TKT2
 136  R_TKT1
 137  R_PFK
 138  R_FRD
 139  R_PGL
 140  R_ATPM
 141  R_FBP
 142  R_MALS
 143  R_FUMt2_2
 144  R_ICL
 145  R_AKGDH
GAMS Rev 229  DII-DII 22.9.2 Mac Intel32/Darwin                                                    02/18/09 11:42:13 Page 3
FBA implementation (Proof of Principle)
C o m p i l a t i o n


 146  R_ME1
 147  R_GND
 148  R_ME2
 149  R_THD2
 150  R_NADTRHD
 151  R_PPCK
 152  R_CS
 153  R_GLCpts
 154  R_PPC
 155  R_PYK
 156  R_PFL
 157  R_PPS
 158  R_PDH
 159  R_NADH11
 160  R_CYTBD
 161  R_Biomass_Ecoli_core_N__w_GAM_
 162  R_SUCD1i
 163  R_SUCCt2b
 164  R_SUCCt2_2
 165      /;
 166   
 167  Parameters
 168      S(i,j) stoichiometric matrix /
****          $148,316,121
 169      R_PGM . R_PGK       1.
 170  R_PGM . R_GAPD  1.
 171  R_ENO . R_PGM   -1.
 172  R_ENO . R_ENO   -1.
 173  R_EX_ac_e_ . R_PGM      1.
 174  R_EX_ac_e_ . R_PGK      -1.
 175  R_EX_ac_e_ . R_Biomass_Ecoli_core_N__w_GAM_     -1.496
 176  R_EX_akg_e_ . R_PGL     1.
 177  R_EX_akg_e_ . R_GND     -1.
 178  R_PGK . R_G6PDH2r       1.
 179  R_PGK . R_PGL   -1.
 180  R_ACKr . R_ACKr -1.
 181  R_ACKr . R_ACt2r        1.
 182  R_ADK1 . R_ADHEr        -1.
 183  R_ADK1 . R_PTAr -1.
 184  R_ADK1 . R_MALS -1.
 185  R_ADK1 . R_CS   -1.
 186  R_ADK1 . R_PFL  1.
 187  R_ADK1 . R_PDH  1.
 188  R_ADK1 . R_Biomass_Ecoli_core_N__w_GAM_ -3.7478
 189  R_ACONT . R_EX_ac_e_    -1.
 190  R_ACONT . R_ACt2r       -1.
 191  R_EX_co2_e_ . R_ACKr    1.
 192  R_EX_co2_e_ . R_PTAr    1.
 193  R_CO2t . R_PGK  1.
 194  R_CO2t . R_ACKr 1.
 195  R_CO2t . R_ADK1 2.
 196  R_CO2t . R_ATPS4r       -1.
 197  R_CO2t . R_SUCOAS       1.
 198  R_CO2t . R_PFK  1.
 199  R_CO2t . R_ATPM 1.
 200  R_CO2t . R_PPCK 1.
 201  R_CO2t . R_PYK  -1.
 202  R_CO2t . R_Biomass_Ecoli_core_N__w_GAM_ 55.703
 203  R_TPI . R_AKGt2r        1.
 204  R_TPI . R_ICDHyr        1.
 205  R_TPI . R_AKGDH -1.
 206  R_TPI . R_Biomass_Ecoli_core_N__w_GAM_  -1.0789
 207  R_EX_etoh_e_ . R_EX_akg_e_      -1.
 208  R_EX_etoh_e_ . R_AKGt2r -1.
 209  R_FBA . R_ADK1  -1.
 210  R_FBA . R_PPS   1.
 211  R_EX_for_e_ . R_PGK     -1.
 212  R_EX_for_e_ . R_ACKr    -1.
 213  R_EX_for_e_ . R_ADK1    -1.
 214  R_EX_for_e_ . R_ATPS4r  1.
 215  R_EX_for_e_ . R_SUCOAS  -1.
 216  R_EX_for_e_ . R_PFK     -1.
 217  R_EX_for_e_ . R_ATPM    -1.
GAMS Rev 229  DII-DII 22.9.2 Mac Intel32/Darwin                                                    02/18/09 11:42:13 Page 4
FBA implementation (Proof of Principle)
C o m p i l a t i o n


 218  R_EX_for_e_ . R_PPCK    -1.
 219  R_EX_for_e_ . R_PYK     1.
 220  R_EX_for_e_ . R_PPS     -1.
 221  R_EX_for_e_ . R_Biomass_Ecoli_core_N__w_GAM_    -55.703
 222  R_FORt . R_ACONT        -1.
 223  R_FORt . R_CS   1.
 224  R_EX_fum_e_ . R_CO2t    1.
 225  R_EX_fum_e_ . R_ICDHyr  1.
 226  R_EX_fum_e_ . R_AKGDH   1.
 227  R_EX_fum_e_ . R_ME1     1.
 228  R_EX_fum_e_ . R_GND     1.
 229  R_EX_fum_e_ . R_ME2     1.
 230  R_EX_fum_e_ . R_PPCK    1.
 231  R_EX_fum_e_ . R_PPC     -1.
 232  R_EX_fum_e_ . R_PDH     1.
 233  R_PGI . R_EX_co2_e_     -1.
 234  R_PGI . R_CO2t  -1.
 235  R_EX_glc_e_ . R_ADHEr   1.
 236  R_EX_glc_e_ . R_PTAr    1.
 237  R_EX_glc_e_ . R_SUCOAS  -1.
 238  R_EX_glc_e_ . R_MALS    1.
 239  R_EX_glc_e_ . R_AKGDH   -1.
 240  R_EX_glc_e_ . R_CS      1.
 241  R_EX_glc_e_ . R_PFL     -1.
 242  R_EX_glc_e_ . R_PDH     -1.
 243  R_EX_glc_e_ . R_Biomass_Ecoli_core_N__w_GAM_    3.7478
 244  R_FUM . R_TPI   -1.
 245  R_FUM . R_FBA   1.
 246  R_EX_h2o_e_ . R_TALA    1.
 247  R_EX_h2o_e_ . R_TKT2    -1.
 248  R_EX_h2o_e_ . R_Biomass_Ecoli_core_N__w_GAM_    -0.361
 249  R_H2Ot . R_ETOHt2r      1.
 250  R_H2Ot . R_ADHEr        1.
 251  R_EX_h_e_ . R_EX_etoh_e_        -1.
 252  R_EX_h_e_ . R_ETOHt2r   -1.
 253  R_ACt2r . R_PGI 1.
 254  R_ACt2r . R_TALA        1.
 255  R_ACt2r . R_TKT2        1.
 256  R_ACt2r . R_PFK -1.
 257  R_ACt2r . R_FBP 1.
 258  R_ACt2r . R_Biomass_Ecoli_core_N__w_GAM_        -0.0709
 259  R_AKGt2r . R_SUCD4      1.
 260  R_AKGt2r . R_FRD        1.
 261  R_AKGt2r . R_SUCD1i     -1.
 262  R_ETOHt2r . R_SUCD4     -1.
 263  R_ETOHt2r . R_FRD       -1.
 264  R_ETOHt2r . R_SUCD1i    1.
 265  R_EX_lac_D_e_ . R_FBA   -1.
 266  R_EX_lac_D_e_ . R_PFK   1.
 267  R_EX_lac_D_e_ . R_FBP   -1.
 268  R_D_LACt2 . R_FORt      1.
 269  R_D_LACt2 . R_PFL       1.
 270  R_LDH_D . R_EX_for_e_   -1.
 271  R_LDH_D . R_FORt        -1.
 272  R_MDH . R_FUM   -1.
 273  R_MDH . R_FRD   -1.
 274  R_MDH . R_FUMt2_2       1.
 275  R_MDH . R_SUCD1i        1.
 276  R_ADHEr . R_EX_fum_e_   -1.
 277  R_ADHEr . R_FUMt2_2     -1.
 278  R_G6PDH2r . R_TPI       1.
 279  R_G6PDH2r . R_FBA       1.
 280  R_G6PDH2r . R_GAPD      -1.
 281  R_G6PDH2r . R_TALA      -1.
 282  R_G6PDH2r . R_TKT2      1.
 283  R_G6PDH2r . R_TKT1      1.
 284  R_G6PDH2r . R_Biomass_Ecoli_core_N__w_GAM_      -0.129
 285  R_ICDHyr . R_PGI        -1.
 286  R_ICDHyr . R_G6PDH2r    -1.
 287  R_ICDHyr . R_GLCpts     1.
 288  R_ICDHyr . R_Biomass_Ecoli_core_N__w_GAM_       -0.205
 289  R_EX_o2_e_ . R_EX_glc_e_        -1.
 290  R_EX_o2_e_ . R_GLCpts   -1.
GAMS Rev 229  DII-DII 22.9.2 Mac Intel32/Darwin                                                    02/18/09 11:42:13 Page 5
FBA implementation (Proof of Principle)
C o m p i l a t i o n


 291  R_O2t . R_MALS  -1.
 292  R_O2t . R_ICL   1.
 293  R_PIt . R_ENO   1.
 294  R_PIt . R_FUM   -1.
 295  R_PIt . R_H2Ot  1.
 296  R_PIt . R_ATPS4r        1.
 297  R_PIt . R_PGL   -1.
 298  R_PIt . R_ATPM  -1.
 299  R_PIt . R_FBP   -1.
 300  R_PIt . R_MALS  -1.
 301  R_PIt . R_CS    -1.
 302  R_PIt . R_PPC   -1.
 303  R_PIt . R_PPS   -1.
 304  R_PIt . R_CYTBD 1.
 305  R_PIt . R_Biomass_Ecoli_core_N__w_GAM_  -55.703
 306  R_PTAr . R_EX_h2o_e_    -1.
 307  R_PTAr . R_H2Ot -1.
 308  R_ATPS4r . R_ACt2r      1.
 309  R_ATPS4r . R_AKGt2r     1.
 310  R_ATPS4r . R_ETOHt2r    1.
 311  R_ATPS4r . R_D_LACt2    1.
 312  R_ATPS4r . R_LDH_D      1.
 313  R_ATPS4r . R_MDH        1.
 314  R_ATPS4r . R_ADHEr      -2.
 315  R_ATPS4r . R_G6PDH2r    1.
 316  R_ATPS4r . R_ATPS4r     3.
 317  R_ATPS4r . R_GAPD       1.
 318  R_ATPS4r . R_PYRt2r     1.
 319  R_ATPS4r . R_PFK        1.
 320  R_ATPS4r . R_PGL        1.
 321  R_ATPS4r . R_ATPM       1.
 322  R_ATPS4r . R_MALS       1.
 323  R_ATPS4r . R_FUMt2_2    2.
 324  R_ATPS4r . R_THD2       2.
 325  R_ATPS4r . R_CS 1.
 326  R_ATPS4r . R_PPC        1.
 327  R_ATPS4r . R_PYK        -1.
 328  R_ATPS4r . R_PPS        2.
 329  R_ATPS4r . R_NADH11     -3.
 330  R_ATPS4r . R_CYTBD      -2.
 331  R_ATPS4r . R_Biomass_Ecoli_core_N__w_GAM_       41.025
 332  R_ATPS4r . R_SUCCt2b    -1.
 333  R_ATPS4r . R_SUCCt2_2   2.
 334  R_GAPD . R_EX_h_e_      -1.
 335  R_GAPD . R_ACt2r        -1.
 336  R_GAPD . R_AKGt2r       -1.
 337  R_GAPD . R_ETOHt2r      -1.
 338  R_GAPD . R_D_LACt2      -1.
 339  R_GAPD . R_ATPS4r       -4.
 340  R_GAPD . R_PYRt2r       -1.
 341  R_GAPD . R_FUMt2_2      -2.
 342  R_GAPD . R_THD2 -2.
 343  R_GAPD . R_NADH11       2.
 344  R_GAPD . R_CYTBD        2.
 345  R_GAPD . R_SUCCt2b      1.
 346  R_GAPD . R_SUCCt2_2     -2.
 347  R_EX_pi_e_ . R_ACONT    1.
 348  R_EX_pi_e_ . R_ICDHyr   -1.
 349  R_EX_pi_e_ . R_ICL      -1.
 350  R_EX_pyr_e_ . R_D_LACt2 1.
 351  R_EX_pyr_e_ . R_LDH_D   -1.
 352  R_PYRt2r . R_EX_lac_D_e_        -1.
 353  R_PYRt2r . R_D_LACt2    -1.
 354  R_SUCD4 . R_FUM 1.
 355  R_SUCD4 . R_MDH -1.
 356  R_SUCD4 . R_MALS        1.
 357  R_SUCD4 . R_ME1 -1.
 358  R_SUCD4 . R_ME2 -1.
 359  R_RPI . R_LDH_D -1.
 360  R_RPI . R_MDH   -1.
 361  R_RPI . R_ADHEr 2.
 362  R_RPI . R_GAPD  -1.
 363  R_RPI . R_AKGDH -1.
GAMS Rev 229  DII-DII 22.9.2 Mac Intel32/Darwin                                                    02/18/09 11:42:13 Page 6
FBA implementation (Proof of Principle)
C o m p i l a t i o n


 364  R_RPI . R_ME1   -1.
 365  R_RPI . R_THD2  1.
 366  R_RPI . R_NADTRHD       -1.
 367  R_RPI . R_PDH   -1.
 368  R_RPI . R_NADH11        1.
 369  R_RPI . R_Biomass_Ecoli_core_N__w_GAM_  -3.547
 370  R_RPE . R_LDH_D 1.
 371  R_RPE . R_MDH   1.
 372  R_RPE . R_ADHEr -2.
 373  R_RPE . R_GAPD  1.
 374  R_RPE . R_AKGDH 1.
 375  R_RPE . R_ME1   1.
 376  R_RPE . R_THD2  -1.
 377  R_RPE . R_NADTRHD       1.
 378  R_RPE . R_PDH   1.
 379  R_RPE . R_NADH11        -1.
 380  R_RPE . R_Biomass_Ecoli_core_N__w_GAM_  3.547
 381  R_TALA . R_G6PDH2r      -1.
 382  R_TALA . R_ICDHyr       -1.
 383  R_TALA . R_GND  -1.
 384  R_TALA . R_ME2  -1.
 385  R_TALA . R_THD2 -1.
 386  R_TALA . R_NADTRHD      1.
 387  R_TALA . R_Biomass_Ecoli_core_N__w_GAM_ 18.225
 388  R_SUCOAS . R_G6PDH2r    1.
 389  R_SUCOAS . R_ICDHyr     1.
 390  R_SUCOAS . R_GND        1.
 391  R_SUCOAS . R_ME2        1.
 392  R_SUCOAS . R_THD2       1.
 393  R_SUCOAS . R_NADTRHD    -1.
 394  R_SUCOAS . R_Biomass_Ecoli_core_N__w_GAM_       -18.225
 395  R_EX_succ_e_ . R_O2t    1.
 396  R_EX_succ_e_ . R_CYTBD  -0.5
 397  R_TKT2 . R_EX_o2_e_     -1.
 398  R_TKT2 . R_O2t  -1.
 399  R_TKT1 . R_MDH  1.
 400  R_TKT1 . R_PPCK -1.
 401  R_TKT1 . R_CS   -1.
 402  R_TKT1 . R_PPC  1.
 403  R_TKT1 . R_Biomass_Ecoli_core_N__w_GAM_ -1.7867
 404  R_PFK . R_ENO   1.
 405  R_PFK . R_PPCK  1.
 406  R_PFK . R_GLCpts        -1.
 407  R_PFK . R_PPC   -1.
 408  R_PFK . R_PYK   -1.
 409  R_PFK . R_PPS   1.
 410  R_PFK . R_Biomass_Ecoli_core_N__w_GAM_  -0.5191
 411  R_FRD . R_PIt   -1.
 412  R_FRD . R_PTAr  -1.
 413  R_FRD . R_ATPS4r        -1.
 414  R_FRD . R_GAPD  -1.
 415  R_FRD . R_SUCOAS        1.
 416  R_FRD . R_ATPM  1.
 417  R_FRD . R_FBP   1.
 418  R_FRD . R_PPC   1.
 419  R_FRD . R_PPS   1.
 420  R_FRD . R_Biomass_Ecoli_core_N__w_GAM_  55.703
 421  R_PGL . R_PIt   1.
 422  R_PGL . R_EX_pi_e_      -1.
 423  R_ATPM . R_LDH_D        1.
 424  R_ATPM . R_PYRt2r       1.
 425  R_ATPM . R_ME1  1.
 426  R_ATPM . R_ME2  1.
 427  R_ATPM . R_GLCpts       1.
 428  R_ATPM . R_PYK  1.
 429  R_ATPM . R_PFL  -1.
 430  R_ATPM . R_PPS  -1.
 431  R_ATPM . R_PDH  -1.
 432  R_ATPM . R_Biomass_Ecoli_core_N__w_GAM_ -2.8328
 433  R_FBP . R_EX_pyr_e_     -1.
 434  R_FBP . R_PYRt2r        -1.
 435  R_MALS . R_SUCD4        -1.
 436  R_MALS . R_NADH11       -1.
GAMS Rev 229  DII-DII 22.9.2 Mac Intel32/Darwin                                                    02/18/09 11:42:13 Page 7
FBA implementation (Proof of Principle)
C o m p i l a t i o n


 437  R_MALS . R_CYTBD        1.
 438  R_FUMt2_2 . R_SUCD4     1.
 439  R_FUMt2_2 . R_NADH11    1.
 440  R_FUMt2_2 . R_CYTBD     -1.
 441  R_ICL . R_RPI   -1.
 442  R_ICL . R_TKT1  -1.
 443  R_ICL . R_Biomass_Ecoli_core_N__w_GAM_  -0.8977
 444  R_AKGDH . R_RPI 1.
 445  R_AKGDH . R_RPE -1.
 446  R_AKGDH . R_GND 1.
 447  R_ME1 . R_TALA  -1.
 448  R_ME1 . R_TKT1  1.
 449  R_GND . R_SUCOAS        -1.
 450  R_GND . R_FRD   1.
 451  R_GND . R_ICL   1.
 452  R_GND . R_SUCD1i        -1.
 453  R_GND . R_SUCCt2b       -1.
 454  R_GND . R_SUCCt2_2      1.
 455  R_ME2 . R_EX_succ_e_    -1.
 456  R_ME2 . R_SUCCt2b       1.
 457  R_ME2 . R_SUCCt2_2      -1.
 458  R_THD2 . R_SUCOAS       1.
 459  R_THD2 . R_AKGDH        1.
 460  R_NADTRHD . R_RPE       1.
 461  R_NADTRHD . R_TKT2      -1.
 462  R_NADTRHD . R_TKT1      -1.
 463   
 464      /;
 465   
 466  Variables
 467      Z objective function value
 468      v(j) flux vector;
****        $148,316,121
 469   
 470  positive variable v;
 471   
 472  Equations
 473      obj objective function
 474      st_constr stoichiometric constraints
 475   
 476  obj.. Z =e= v(R_Biomass_Ecoli_core_N__w_GAM_)
****     $96
 477  st_constr(i).. sum(j, S(i,j)*v(j)) =e= 0;
****              $96       $195,318,148,316,121,96
 478   
 479  Model fba /all/;
 480   
 481  Solve fba using lp maximizing Z;
****                                $257
GAMS Rev 229  DII-DII 22.9.2 Mac Intel32/Darwin                                                    02/18/09 11:42:13 Page 8
FBA implementation (Proof of Principle)
Error Messages


 36  '=' or '..' or ':=' or '$=' operator expected
     rest of statement ignored
 96  Blank needed between identifier and text
       (-or- illegal character in identifier)
       (-or- check for missing ';' on previous line)
121  Set expected
140  Unknown symbol
148  Dimension different - The symbol is referenced with more/less
        indices as declared
182  Closing '/' missing in a set, parameter or model statement
195  Symbol redefined with a different type
257  Solve statement not checked because of previous errors
316  Implied type inconsistent with previous use of symbol
318  Domain list redefined - no previous domain list - * assumed
        when data was associated with this symbol
338  Unique element expected - symbol was not an element
        and the following text will be skipped until a proper
        symbol is found to recover. Remember that an UNQUOTED
        element has to start with a letter or digit
        followed by letters, digits, '+', '-' or '_'. The length
        is limited to 63 characters. The following words are
        reserved (starting symbols of a GAMS statement) and cannot
        be used for UNQUOTED set elements:
    
           ABORT, ACRONYM(S), ALIAS, BINARY, DISPLAY, ELSE
           EQUATION(S), EXECUTE, FILE(S), FOR, FREE, IF, INTEGER, LOOP
           MODEL(S), NEGATIVE, OPTION(S), PARAMETER(S)
           POSITIVE, PROCEDURE(S), PUT, PUTCLEAR, PUTCLOSE, PUTHD
           PUTPAGE, PUTTL, SCALAR(S), SEMICONT, SET(S), SOS1, SOS2
           TABLE, VARIABLE(S), WHILE
    
        QUOTED elements can contain any character. Single and
        double quotes can be used (starting and ending quote have
        to match).

**** 19 ERROR(S)   0 WARNING(S)


COMPILATION TIME     =        0.011 SECONDS      3 Mb  DII229-229 Dec  1, 2008


USER: GAMS Development Corporation, Washington, DC   G871201/0000CA-ANY
      Free Demo,  202-342-0180,  sales@gams.com,  www.gams.com   DC0000


**** FILE SUMMARY

Input      /Users/niko/GitRepo/neosproject/expandedFBAmodel.txt
Output     /Users/niko/GitRepo/neosproject/expandedFBAmodel.lst

**** USER ERROR(S) ENCOUNTERED
