GAMS Rev 229  DII-DII 22.9.2 Mac Intel32/Darwin                                                    02/18/09 11:57:14 Page 1
PAKLIVE: Pakistan Punjab Livestock Model (PAKLIVE,SEQ=55)
Set Definitions


   3   
       
         This model examines the role of livestock in the agricultural
         sector in the Punjab and how it is effected by variations in
         farm size, water availability, credit, crop prices and labor.
       
       
      World Bank, Pakistan Punjab Livestock Project. Tech. rep., The World Bank,
      1977.
       
  15   
  16   
  17   Set c      crops   / wheat
  18                        basrice
  19                        irrrice   irradiated rice
  20                        maize
  21                        oilseed
  22                        gram
  23                        cotton
  24                        sugar
  25                        berseem
  26                        kharfodder                  /
  27   
  28       h      livestock types / bullocks , bufflocows , cattlecows /
  29   
  30       f      seasonal inputs    / landuse
  31                                   irrwat      irrigation water
  32                                   labor
  33                                   tdn         total digestible nutrients
  34                                   protein
  35                                   draftpower
  36                                   credit                           /
  37   
  38       n(f)   nutrients          / tdn , protein /
  39   
  40       dp(f)  draftpower         / draftpower /
  41   
  42       ta     seasons and annual / annual , kharif , rabi /
  43   
  44       t(ta)  seasons            / kharif , rabi /
  45   
  46   
  47   Scalar     fsize     farm size (acres)                        / 12.5 /
  48              watercost cost of purchased water (rs per inch)    / 20   /
  49              laborcost cost of hired labor (rs per man-day)     / 10   /
  50              maxcredit maximum annual credit  (rs)              / 20000 /
  51              lrr       livestock reproduction ratio             /  1.25 /
  52              wpup      maximum water purchaseable (inches)      / 17.5  /
  53              draftcost cost of hired draftpower (rs per workday)/ 30    /
  54   
  55   Parameter  bullockr(c)   bullock requirements in the third season (work-days) / wheat 8, oilseed 2, sugar 1, berseem
       2/
  56              bullocka(h)   livestock availability in third season (work-days)   / bullocks 40 /
  57              waf(t)        maximum water available at no cost (inches per acre) / kharif   56 , rabi    32 /
  58              rationcost(n) cost of purchased rations  (rs per kg)               / tdn     1.3 , protein  5 /
  59              cprice(c)     crop prices (rs per maund)  / wheat   41.15, basrice  89.38, irrrice  39.92, maize  37.04
  60                                                          oilseed 59.26, gram     37.04, cotton  127.27, sugar   5.96 /
  61   
  62              gmargin(h)    gross margin from livestock (rs) / bufflocows 900 , cattlecows 600 /
  63              eff(n)        storage efficiency of nutrients  / tdn  .5 /
  64              maxflab(t)    maximum seasonal family labor (man-days)   / kharif 390 , rabi 530 /
  65              watavail(t)   max water available on farm at no cost (inches)
  66              crev(c)       crop revenue (rs per acre)
  67   
  68   Table  cinput(*,ta,c)  input-output matrix for crops
  69   
  70  * landuse   : acres
  71  * irrwat    : inches
  72  * labor     : man-days
  73  * draftpower: work-days
  74  * tdn       : kgs
  75  * protein   : kgs
  76  * credit    : rs per year
GAMS Rev 229  DII-DII 22.9.2 Mac Intel32/Darwin                                                    02/18/09 11:57:14 Page 2
PAKLIVE: Pakistan Punjab Livestock Model (PAKLIVE,SEQ=55)
Set Definitions


  77  * yield     : maund/acre per year
  78   
  79                         wheat  basrice  irrrice  maize  oilseed  gram  cotton  sugar  berseem  kharfodder
  80   
  81   landuse.kharif         .1      1.       1.      1.      .3      .3    1.      1.     .3        1.
  82   landuse.rabi           1.      .1                       .6      1.    .4      1.     .8         .1
  83   irrwat.kharif                  65.      60.     25.             30.   25.            15.
  84   irrwat.rabi            20.                               20.    15.   10.     45.    35.
  85   labor.kharif           7.      21.      21.     22.       4.     2.   11.     15.     3.       18.
  86   labor.rabi             16.      9.       9.      5.      10.     8.   10.     62.    15.        6.
  87   tdn.kharif                   -530.    -510.   -450.                  -60.   -350.           -2400.
  88   tdn.rabi             -450.                    -650      -85.  -215. -130.   -1775. -1940.
  89   protein.kharif                 -6.      -8.    -31.                   -1.     -6.            -242.
  90   protein.rabi
  91   draftpower.kharif      12.      8.       8.               3.     3.                    3.
  92   draftpower.rabi         6.      1.       1.      7.       1.     3.    7.     30.               6.
  93   credit.annual         150.     180.     220.    100.     120.   70.   145.   500.       65.   120
  94   yield.annual          -16     -11.4    -21     -10       -6     -6   -10    -375
  95   
  96   Table     linput(*,ta,h)    livestock inputs-outputs
  97   
  98  * labor      : man-days
  99  * draftpower : work-days
 100  * tdn        : kgs
 101  * protein    : kgs
 102  * credit     : rs per year
 103                                 bullocks  bufflocows  cattlecows
 104   
 105        labor.kharif                17.5       19          14
 106        labor.rabi                  26.5       29          21.5
 107        draftpower.kharif         -100
 108        draftpower.rabi           -175
 109        tdn.(kharif,rabi)          1550       1050         750
 110        protein.(kharif,rabi)       155        105          75
 111        credit.annual               300        250         180
 112                                                              ;
 113   
 114   crev(c)  = - cprice(c)*cinput("yield","annual",c);
 115   watavail(t) = fsize*waf(t);
 116   Display crev,watavail ;
 117   
GAMS Rev 229  DII-DII 22.9.2 Mac Intel32/Darwin                                                    02/18/09 11:57:14 Page 3
PAKLIVE: Pakistan Punjab Livestock Model (PAKLIVE,SEQ=55)
model definition


 119   
 120   Positive variables xcrop(c)       cropping activities                (acres)
 121                      wpurchase(t)   water purchased                   (inches)
 122                      xrations(n,t)  purchased rations                     (kg)
 123                      xlabor(t)      hired labor                     (man-days)
 124                      xtransf(n,t)   fodder transfer                      (kgs)
 125                      dhire          hire of draftpower               (workday)
 126                      xlivestk(h)    livestock production             (animals)
 127   
 128   Variable           rev            revenue from livestock and crops      (rs)
 129                      lcost          cost of hired labor                   (rs)
 130                      dcost          cost of hired draftpower              (rs)
 131                      wcost          cost of purchased water               (rs)
 132                      rcost          cost of purchased rations             (rs)
 133                      return         net return
 134   
 135   Equations      draft(dp,t)   draftpower constraint                  (work-day)
 136                  land(t)       land use by season                         (acre)
 137                  water(t)      irrigation water use by season           (inches)
 138                  labor(t)      total labor required by season          (man-day)
 139                  nutbal(n,t)   seasonal purchase of nutrients              (kgs)
 140                  bullock       bullock use during third season       (work-days)
 141                  credit        credit requirements                          (rs)
 142                  totalrev      total revenue from crops and livestock       (rs)
 143                  costlabor     cost of hired labor                          (rs)
 144                  costdraft     cost of hired draftpower                     (rs)
 145                  costwater     cost of purchased water                      (rs)
 146                  costrat       cost of purchased rations                    (rs)
 147                  obj           net return                                   (rs);
 148   
 149   totalrev..   rev =e= sum(c, crev(c)*xcrop(c)) +sum(h, gmargin(h)*xlivestk(h));
 150   
 151   costdraft..  dcost =e= draftcost*dhire;
 152   
 153   costlabor..  lcost =e= laborcost*sum(t, xlabor(t));
 154   
 155   costwater..  wcost =e= watercost*sum(t, wpurchase(t));
 156   
 157   costrat..    rcost =e= sum(n, rationcost(n)*sum(t, xrations(n,t)));
 158   
 159   obj..        return =e= rev  - lcost - wcost - rcost - dcost;
 160   
 161   land(t)..    sum(c, cinput("landuse",t,c)*xcrop(c)) =l= fsize;
 162   
 163   water(t)..   sum(c, cinput("irrwat",t,c)*xcrop(c)) =l= watavail(t) + wpurchase(t);
 164   
 165   labor(t)..  sum(c, cinput("labor",t,c)*xcrop(c)) + sum(h, linput("labor",t,h)*xlivestk(h)) =l= maxflab(t) + xlabor(t
      );
 166   
 167   draft(dp,t).. sum(c, cinput(dp,t,c)*xcrop(c)) =l= - sum(h, linput(dp,t,h)*xlivestk(h));
 168   
 169   bullock..     sum(c, bullockr(c)*xcrop(c)) =l= sum(h, bullocka(h)*xlivestk(h)) + dhire;
 170   
 171   credit..      sum(c, cinput("credit","annual",c)*xcrop(c)) + sum(h, linput("credit","annual",h)*xlivestk(h))
 172               + rcost + lcost + wcost + dcost =l= maxcredit;
 173   
 174   nutbal(n,t).. - sum(c, cinput(n,t,c)*xcrop(c)) + eff(n)*xtransf(n,t--1) + xrations(n,t)
 175               =g= sum(h, linput(n,t,h)* xlivestk(h));
 176   
 177   xcrop.up("sugar") = 2 ;
 178   wpurchase.up(t)   = wpup ;
 179   
 180   Model pakistan / all /;
 181   Solve pakistan using lp maximizing return;
 182   
 183   Parameter ivl  imputed value of family labor (rs);
 184   ivl= rev.l / sum (t, sum(c, cinput("labor",t,c)*xcrop.l(c))+sum (h,linput("labor",t,h)*xlivestk.l(h)) );
 185   Display ivl;


COMPILATION TIME     =        0.018 SECONDS      3 Mb  DII229-229 Dec  1, 2008
GAMS Rev 229  DII-DII 22.9.2 Mac Intel32/Darwin                                                    02/18/09 11:57:14 Page 4
PAKLIVE: Pakistan Punjab Livestock Model (PAKLIVE,SEQ=55)
E x e c u t i o n


----    116 PARAMETER crev  crop revenue (rs per acre)

wheat    658.400,    basrice 1018.932,    irrrice  838.320,    maize    370.400,    oilseed  355.560,    gram     222.240
cotton  1272.700,    sugar   2235.000


----    116 PARAMETER watavail  max water available on farm at no cost (inches)

kharif 700.000,    rabi   400.000

GAMS Rev 229  DII-DII 22.9.2 Mac Intel32/Darwin                                                    02/18/09 11:57:14 Page 5
PAKLIVE: Pakistan Punjab Livestock Model (PAKLIVE,SEQ=55)
Equation Listing    SOLVE pakistan Using LP From line 181


---- draft  =L=  draftpower constraint                  (work-day)

draft(draftpower,kharif)..  12*xcrop(wheat) + 8*xcrop(basrice) + 8*xcrop(irrrice) + 3*xcrop(oilseed) + 3*xcrop(gram)
     
      + 3*xcrop(berseem) - 100*xlivestk(bullocks) =L= 0 ; (LHS = 0)
     
draft(draftpower,rabi)..  6*xcrop(wheat) + xcrop(basrice) + xcrop(irrrice) + 7*xcrop(maize) + xcrop(oilseed)
     
      + 3*xcrop(gram) + 7*xcrop(cotton) + 30*xcrop(sugar) + 6*xcrop(kharfodder) - 175*xlivestk(bullocks) =L= 0 ; (LHS = 0)
     

---- land  =L=  land use by season                         (acre)

land(kharif)..  0.1*xcrop(wheat) + xcrop(basrice) + xcrop(irrrice) + xcrop(maize) + 0.3*xcrop(oilseed) + 0.3*xcrop(gram)
     
      + xcrop(cotton) + xcrop(sugar) + 0.3*xcrop(berseem) + xcrop(kharfodder) =L= 12.5 ; (LHS = 0)
     
land(rabi)..  xcrop(wheat) + 0.1*xcrop(basrice) + 0.6*xcrop(oilseed) + xcrop(gram) + 0.4*xcrop(cotton) + xcrop(sugar)
     
      + 0.8*xcrop(berseem) + 0.1*xcrop(kharfodder) =L= 12.5 ; (LHS = 0)
     

---- water  =L=  irrigation water use by season           (inches)

water(kharif)..  65*xcrop(basrice) + 60*xcrop(irrrice) + 25*xcrop(maize) + 30*xcrop(gram) + 25*xcrop(cotton)
     
      + 15*xcrop(berseem) - wpurchase(kharif) =L= 700 ; (LHS = 0)
     
water(rabi)..  20*xcrop(wheat) + 20*xcrop(oilseed) + 15*xcrop(gram) + 10*xcrop(cotton) + 45*xcrop(sugar)
     
      + 35*xcrop(berseem) - wpurchase(rabi) =L= 400 ; (LHS = 0)
     

---- labor  =L=  total labor required by season          (man-day)

labor(kharif)..  7*xcrop(wheat) + 21*xcrop(basrice) + 21*xcrop(irrrice) + 22*xcrop(maize) + 4*xcrop(oilseed)
     
      + 2*xcrop(gram) + 11*xcrop(cotton) + 15*xcrop(sugar) + 3*xcrop(berseem) + 18*xcrop(kharfodder) - xlabor(kharif)
     
      + 17.5*xlivestk(bullocks) + 19*xlivestk(bufflocows) + 14*xlivestk(cattlecows) =L= 390 ; (LHS = 0)
     
labor(rabi)..  16*xcrop(wheat) + 9*xcrop(basrice) + 9*xcrop(irrrice) + 5*xcrop(maize) + 10*xcrop(oilseed) + 8*xcrop(gram)
     
      + 10*xcrop(cotton) + 62*xcrop(sugar) + 15*xcrop(berseem) + 6*xcrop(kharfodder) - xlabor(rabi)
     
      + 26.5*xlivestk(bullocks) + 29*xlivestk(bufflocows) + 21.5*xlivestk(cattlecows) =L= 530 ; (LHS = 0)
     

---- nutbal  =G=  seasonal purchase of nutrients              (kgs)

nutbal(tdn,kharif)..  530*xcrop(basrice) + 510*xcrop(irrrice) + 450*xcrop(maize) + 60*xcrop(cotton) + 350*xcrop(sugar)
     
      + 2400*xcrop(kharfodder) + xrations(tdn,kharif) + 0.5*xtransf(tdn,rabi) - 1550*xlivestk(bullocks)
     
      - 1050*xlivestk(bufflocows) - 750*xlivestk(cattlecows) =G= 0 ; (LHS = 0)
     
nutbal(tdn,rabi)..  450*xcrop(wheat) + 650*xcrop(maize) + 85*xcrop(oilseed) + 215*xcrop(gram) + 130*xcrop(cotton)
     
      + 1775*xcrop(sugar) + 1940*xcrop(berseem) + xrations(tdn,rabi) + 0.5*xtransf(tdn,kharif) - 1550*xlivestk(bullocks)
     
      - 1050*xlivestk(bufflocows) - 750*xlivestk(cattlecows) =G= 0 ; (LHS = 0)
     
nutbal(protein,kharif)..  6*xcrop(basrice) + 8*xcrop(irrrice) + 31*xcrop(maize) + xcrop(cotton) + 6*xcrop(sugar)
     
      + 242*xcrop(kharfodder) + xrations(protein,kharif) - 155*xlivestk(bullocks) - 105*xlivestk(bufflocows)
     
      - 75*xlivestk(cattlecows) =G= 0 ; (LHS = 0)
     
REMAINING ENTRY SKIPPED

GAMS Rev 229  DII-DII 22.9.2 Mac Intel32/Darwin                                                    02/18/09 11:57:14 Page 6
PAKLIVE: Pakistan Punjab Livestock Model (PAKLIVE,SEQ=55)
Equation Listing    SOLVE pakistan Using LP From line 181


---- bullock  =L=  bullock use during third season       (work-days)

bullock..  8*xcrop(wheat) + 2*xcrop(oilseed) + xcrop(sugar) + 2*xcrop(berseem) - dhire - 40*xlivestk(bullocks) =L= 0 ;
     
      (LHS = 0)
     

---- credit  =L=  credit requirements                          (rs)

credit..  150*xcrop(wheat) + 180*xcrop(basrice) + 220*xcrop(irrrice) + 100*xcrop(maize) + 120*xcrop(oilseed)
     
      + 70*xcrop(gram) + 145*xcrop(cotton) + 500*xcrop(sugar) + 65*xcrop(berseem) + 120*xcrop(kharfodder)
     
      + 300*xlivestk(bullocks) + 250*xlivestk(bufflocows) + 180*xlivestk(cattlecows) + lcost + dcost + wcost + rcost =L= 
     20000 ; (LHS = 0)
     

---- totalrev  =E=  total revenue from crops and livestock       (rs)

totalrev..  - 658.4*xcrop(wheat) - 1018.932*xcrop(basrice) - 838.32*xcrop(irrrice) - 370.4*xcrop(maize)
     
      - 355.56*xcrop(oilseed) - 222.24*xcrop(gram) - 1272.7*xcrop(cotton) - 2235*xcrop(sugar) - 900*xlivestk(bufflocows)
     
      - 600*xlivestk(cattlecows) + rev =E= 0 ; (LHS = 0)
     

---- costlabor  =E=  cost of hired labor                          (rs)

costlabor..  - 10*xlabor(kharif) - 10*xlabor(rabi) + lcost =E= 0 ; (LHS = 0)
     

---- costdraft  =E=  cost of hired draftpower                     (rs)

costdraft..  - 30*dhire + dcost =E= 0 ; (LHS = 0)
     

---- costwater  =E=  cost of purchased water                      (rs)

costwater..  - 20*wpurchase(kharif) - 20*wpurchase(rabi) + wcost =E= 0 ; (LHS = 0)
     

---- costrat  =E=  cost of purchased rations                    (rs)

costrat..  - 1.3*xrations(tdn,kharif) - 1.3*xrations(tdn,rabi) - 5*xrations(protein,kharif) - 5*xrations(protein,rabi)
     
      + rcost =E= 0 ; (LHS = 0)
     

---- obj  =E=  net return                                   (rs)

obj..  - rev + lcost + dcost + wcost + rcost + return =E= 0 ; (LHS = 0)
     
GAMS Rev 229  DII-DII 22.9.2 Mac Intel32/Darwin                                                    02/18/09 11:57:14 Page 7
PAKLIVE: Pakistan Punjab Livestock Model (PAKLIVE,SEQ=55)
Column Listing      SOLVE pakistan Using LP From line 181


---- xcrop  cropping activities                (acres)

xcrop(wheat)
                (.LO, .L, .UP, .M = 0, 0, +INF, 0)
       12       draft(draftpower,kharif)
        6       draft(draftpower,rabi)
        0.1     land(kharif)
        1       land(rabi)
       20       water(rabi)
        7       labor(kharif)
       16       labor(rabi)
      450       nutbal(tdn,rabi)
        8       bullock
      150       credit
     -658.4     totalrev

xcrop(basrice)
                (.LO, .L, .UP, .M = 0, 0, +INF, 0)
        8       draft(draftpower,kharif)
        1       draft(draftpower,rabi)
        1       land(kharif)
        0.1     land(rabi)
       65       water(kharif)
       21       labor(kharif)
        9       labor(rabi)
      530       nutbal(tdn,kharif)
        6       nutbal(protein,kharif)
      180       credit
    -1018.932   totalrev

xcrop(irrrice)
                (.LO, .L, .UP, .M = 0, 0, +INF, 0)
        8       draft(draftpower,kharif)
        1       draft(draftpower,rabi)
        1       land(kharif)
       60       water(kharif)
       21       labor(kharif)
        9       labor(rabi)
      510       nutbal(tdn,kharif)
        8       nutbal(protein,kharif)
      220       credit
     -838.32    totalrev

REMAINING 7 ENTRIES SKIPPED

---- wpurchase  water purchased                   (inches)

wpurchase(kharif)
                (.LO, .L, .UP, .M = 0, 0, 17.5, 0)
       -1       water(kharif)
      -20       costwater

wpurchase(rabi)
                (.LO, .L, .UP, .M = 0, 0, 17.5, 0)
       -1       water(rabi)
      -20       costwater


---- xrations  purchased rations                     (kg)

xrations(tdn,kharif)
                (.LO, .L, .UP, .M = 0, 0, +INF, 0)
        1       nutbal(tdn,kharif)
       -1.3     costrat

xrations(tdn,rabi)
                (.LO, .L, .UP, .M = 0, 0, +INF, 0)
        1       nutbal(tdn,rabi)
       -1.3     costrat

xrations(protein,kharif)
                (.LO, .L, .UP, .M = 0, 0, +INF, 0)
        1       nutbal(protein,kharif)
GAMS Rev 229  DII-DII 22.9.2 Mac Intel32/Darwin                                                    02/18/09 11:57:14 Page 8
PAKLIVE: Pakistan Punjab Livestock Model (PAKLIVE,SEQ=55)
Column Listing      SOLVE pakistan Using LP From line 181


     xrations  purchased rations                     (kg)

       -5       costrat

REMAINING ENTRY SKIPPED

---- xlabor  hired labor                     (man-days)

xlabor(kharif)
                (.LO, .L, .UP, .M = 0, 0, +INF, 0)
       -1       labor(kharif)
      -10       costlabor

xlabor(rabi)
                (.LO, .L, .UP, .M = 0, 0, +INF, 0)
       -1       labor(rabi)
      -10       costlabor


---- xtransf  fodder transfer                      (kgs)

xtransf(tdn,kharif)
                (.LO, .L, .UP, .M = 0, 0, +INF, 0)
        0.5     nutbal(tdn,rabi)

xtransf(tdn,rabi)
                (.LO, .L, .UP, .M = 0, 0, +INF, 0)
        0.5     nutbal(tdn,kharif)


---- dhire  hire of draftpower               (workday)

dhire
                (.LO, .L, .UP, .M = 0, 0, +INF, 0)
       -1       bullock
      -30       costdraft


---- xlivestk  livestock production             (animals)

xlivestk(bullocks)
                (.LO, .L, .UP, .M = 0, 0, +INF, 0)
     -100       draft(draftpower,kharif)
     -175       draft(draftpower,rabi)
       17.5     labor(kharif)
       26.5     labor(rabi)
    -1550       nutbal(tdn,kharif)
    -1550       nutbal(tdn,rabi)
     -155       nutbal(protein,kharif)
     -155       nutbal(protein,rabi)
      -40       bullock
      300       credit

xlivestk(bufflocows)
                (.LO, .L, .UP, .M = 0, 0, +INF, 0)
       19       labor(kharif)
       29       labor(rabi)
    -1050       nutbal(tdn,kharif)
    -1050       nutbal(tdn,rabi)
     -105       nutbal(protein,kharif)
     -105       nutbal(protein,rabi)
      250       credit
     -900       totalrev

xlivestk(cattlecows)
                (.LO, .L, .UP, .M = 0, 0, +INF, 0)
       14       labor(kharif)
       21.5     labor(rabi)
     -750       nutbal(tdn,kharif)
     -750       nutbal(tdn,rabi)
      -75       nutbal(protein,kharif)
      -75       nutbal(protein,rabi)
      180       credit
GAMS Rev 229  DII-DII 22.9.2 Mac Intel32/Darwin                                                    02/18/09 11:57:14 Page 9
PAKLIVE: Pakistan Punjab Livestock Model (PAKLIVE,SEQ=55)
Column Listing      SOLVE pakistan Using LP From line 181


     xlivestk  livestock production             (animals)

     -600       totalrev


---- rev  revenue from livestock and crops      (rs)

rev
                (.LO, .L, .UP, .M = -INF, 0, +INF, 0)
        1       totalrev
       -1       obj


---- lcost  cost of hired labor                   (rs)

lcost
                (.LO, .L, .UP, .M = -INF, 0, +INF, 0)
        1       credit
        1       costlabor
        1       obj


---- dcost  cost of hired draftpower              (rs)

dcost
                (.LO, .L, .UP, .M = -INF, 0, +INF, 0)
        1       credit
        1       costdraft
        1       obj


---- wcost  cost of purchased water               (rs)

wcost
                (.LO, .L, .UP, .M = -INF, 0, +INF, 0)
        1       credit
        1       costwater
        1       obj


---- rcost  cost of purchased rations             (rs)

rcost
                (.LO, .L, .UP, .M = -INF, 0, +INF, 0)
        1       credit
        1       costrat
        1       obj


---- return  net return

return
                (.LO, .L, .UP, .M = -INF, 0, +INF, 0)
        1       obj

GAMS Rev 229  DII-DII 22.9.2 Mac Intel32/Darwin                                                   02/18/09 11:57:14 Page 10
PAKLIVE: Pakistan Punjab Livestock Model (PAKLIVE,SEQ=55)
Model Statistics    SOLVE pakistan Using LP From line 181


MODEL STATISTICS

BLOCKS OF EQUATIONS          13     SINGLE EQUATIONS           20
BLOCKS OF VARIABLES          13     SINGLE VARIABLES           30
NON ZERO ELEMENTS           167


GENERATION TIME      =        0.006 SECONDS      4 Mb  DII229-229 Dec  1, 2008


EXECUTION TIME       =        0.025 SECONDS      4 Mb  DII229-229 Dec  1, 2008
GAMS Rev 229  DII-DII 22.9.2 Mac Intel32/Darwin                                                   02/18/09 11:57:14 Page 11
PAKLIVE: Pakistan Punjab Livestock Model (PAKLIVE,SEQ=55)
Solution Report     SOLVE pakistan Using LP From line 181


               S O L V E      S U M M A R Y

     MODEL   pakistan            OBJECTIVE  return
     TYPE    LP                  DIRECTION  MAXIMIZE
     SOLVER  CPLEX               FROM LINE  181

**** SOLVER STATUS     1 NORMAL COMPLETION         
**** MODEL STATUS      1 OPTIMAL                   
**** OBJECTIVE VALUE            19468.0877

 RESOURCE USAGE, LIMIT          0.010      1000.000
 ITERATION COUNT, LIMIT        10         10000

ILOG CPLEX       Dec  1, 2008 22.9.2 DII 7311.8080 DII Mac Intel32/Darwin
Cplex 11.2.0, GAMS Link 34 

LP status(1): optimal
Optimal solution found.
Objective :       19468.087697


---- EQU draft  draftpower constraint                  (work-day)

                         LOWER          LEVEL          UPPER         MARGINAL

draftpower.kharif        -INF          -15.6248          .              .          
draftpower.rabi          -INF             .              .             1.9196      

---- EQU land  land use by season                         (acre)

              LOWER          LEVEL          UPPER         MARGINAL

kharif        -INF           12.5000        12.5000      1147.3114      
rabi          -INF           12.5000        12.5000       292.1510      

---- EQU water  irrigation water use by season           (inches)

              LOWER          LEVEL          UPPER         MARGINAL

kharif        -INF          232.4511       700.0000          .          
rabi          -INF          317.5378       400.0000          .          

---- EQU labor  total labor required by season          (man-day)

              LOWER          LEVEL          UPPER         MARGINAL

kharif        -INF          205.7614       390.0000          .          
rabi          -INF          353.3365       530.0000          .          

---- EQU nutbal  seasonal purchase of nutrients              (kgs)

                      LOWER          LEVEL          UPPER         MARGINAL

tdn    .kharif          .          1034.3189        +INF             .          
tdn    .rabi            .          6292.7183        +INF             .          
protein.kharif          .              .            +INF           -4.9093      
protein.rabi            .              .            +INF           -5.0000      

                           LOWER          LEVEL          UPPER         MARGINAL

---- EQU bullock           -INF             .              .            30.0000      
---- EQU credit            -INF         4975.1352     20000.0000          .          
---- EQU totalrev            .              .              .             1.0000      
---- EQU costlabor           .              .              .            -1.0000      
---- EQU costdraft           .              .              .            -1.0000      
---- EQU costwater           .              .              .            -1.0000      
---- EQU costrat             .              .              .            -1.0000      
---- EQU obj                 .              .              .             1.0000      

  bullock  bullock use during third season       (work-days)
  credit  credit requirements                          (rs)
  totalrev  total revenue from crops and livestock       (rs)
  costlabor  cost of hired labor                          (rs)
GAMS Rev 229  DII-DII 22.9.2 Mac Intel32/Darwin                                                   02/18/09 11:57:14 Page 12
PAKLIVE: Pakistan Punjab Livestock Model (PAKLIVE,SEQ=55)
Solution Report     SOLVE pakistan Using LP From line 181


  costdraft  cost of hired draftpower                     (rs)
  costwater  cost of purchased water                      (rs)
  costrat  cost of purchased rations                    (rs)
  obj  net return                                   (rs)

---- VAR xcrop  cropping activities                (acres)

                  LOWER          LEVEL          UPPER         MARGINAL

wheat               .             6.7279        +INF             .          
basrice             .              .            +INF         -130.0585      
irrrice             .              .            +INF         -271.6368      
maize               .              .            +INF         -638.1614      
oilseed             .              .            +INF         -225.8437      
gram                .              .            +INF         -419.8633      
cotton              .             9.2980        +INF             .          
sugar               .             2.0000         2.0000       737.4040      
berseem             .              .            +INF         -637.9142      
kharfodder          .             0.5292        +INF             .          

---- VAR wpurchase  water purchased                   (inches)

              LOWER          LEVEL          UPPER         MARGINAL

kharif          .              .            17.5000       -20.0000      
rabi            .              .            17.5000       -20.0000      

---- VAR xrations  purchased rations                     (kg)

                      LOWER          LEVEL          UPPER         MARGINAL

tdn    .kharif          .              .            +INF           -1.3000      
tdn    .rabi            .              .            +INF           -1.3000      
protein.kharif          .              .            +INF           -0.0907      
protein.rabi            .           149.3567        +INF             .          

---- VAR xlabor  hired labor                     (man-days)

              LOWER          LEVEL          UPPER         MARGINAL

kharif          .              .            +INF          -10.0000      
rabi            .              .            +INF          -10.0000      

---- VAR xtransf  fodder transfer                      (kgs)

                  LOWER          LEVEL          UPPER         MARGINAL

tdn.kharif          .              .            +INF            EPS         
tdn.rabi            .              .            +INF            EPS         

                           LOWER          LEVEL          UPPER         MARGINAL

---- VAR dhire               .            17.2793        +INF             .          

  dhire  hire of draftpower               (workday)

---- VAR xlivestk  livestock production             (animals)

                  LOWER          LEVEL          UPPER         MARGINAL

bullocks            .             0.9636        +INF             .          
bufflocows          .              .            +INF         -140.4738      
cattlecows          .              .            +INF         -143.1956      

                           LOWER          LEVEL          UPPER         MARGINAL

---- VAR rev               -INF        20733.2489        +INF             .          
---- VAR lcost             -INF             .            +INF             .          
---- VAR dcost             -INF          518.3778        +INF             .          
---- VAR wcost             -INF             .            +INF             .          
---- VAR rcost             -INF          746.7834        +INF             .          
---- VAR return            -INF        19468.0877        +INF             .          

GAMS Rev 229  DII-DII 22.9.2 Mac Intel32/Darwin                                                   02/18/09 11:57:14 Page 13
PAKLIVE: Pakistan Punjab Livestock Model (PAKLIVE,SEQ=55)
Solution Report     SOLVE pakistan Using LP From line 181


  rev  revenue from livestock and crops      (rs)
  lcost  cost of hired labor                   (rs)
  dcost  cost of hired draftpower              (rs)
  wcost  cost of purchased water               (rs)
  rcost  cost of purchased rations             (rs)
  return  net return


**** REPORT SUMMARY :        0     NONOPT
                             0 INFEASIBLE
                             0  UNBOUNDED
GAMS Rev 229  DII-DII 22.9.2 Mac Intel32/Darwin                                                   02/18/09 11:57:14 Page 14
PAKLIVE: Pakistan Punjab Livestock Model (PAKLIVE,SEQ=55)
E x e c u t i o n


----    185 PARAMETER ivl                  =       37.083  imputed value of family labor (rs)


EXECUTION TIME       =        0.001 SECONDS      3 Mb  DII229-229 Dec  1, 2008


USER: GAMS Development Corporation, Washington, DC   G871201/0000CA-ANY
      Free Demo,  202-342-0180,  sales@gams.com,  www.gams.com   DC0000


**** FILE SUMMARY

Input      /Users/niko/GitRepo/neosproject/paklive.gms
Output     /Users/niko/GitRepo/neosproject/paklive.lst
